---
source: src/test.rs
expression: net.show()
---
((* (((a b) (b c)) (a c))) (* *))
