---
source: src/test.rs
expression: "main_net.show_net(&show_agent, &mut scope, 0)"
---
With(One)[
    d
    False(d)[
        One
    ]
][
    d
    False(d)[
        One
    ]
]
