---
source: src/test.rs
expression: result
---
|- (((b ⅋ b') ⊗ (c ⅋ c')) ⅋ ⊥)
