---
source: src/test.rs
expression: net.show()
---
((a b) [a b])
