---
source: src/test.rs
expression: "main_net.show_net(&show_agent, &mut scope, 0)"
---
Par(a False(a)[
    Times(Par(a a))(Par(c c))
])
