---
source: src/test.rs
expression: net.show()
---
(a a)
