---
source: src/test.rs
expression: result
---
|- c', (c & c)
