---
source: src/test.rs
expression: net.show()
---
((((a b) (b c)) (a c)) (((d e) (e f)) (d f)))
