---
source: src/test.rs
expression: result
---
|- ?_, 1
