---
source: src/test.rs
expression: result
---
|- ∀d.(d ⅋ d')
