---
source: src/test.rs
expression: result
---
|- !((!a' ⅋ !a') ⅋ ?a)
