---
source: src/test.rs
expression: result
---
|- !(((a ⊗ b) ⅋ (b' ⊗ c)) ⅋ (a' ⅋ c'))
