---
source: src/test.rs
expression: result
---
|- (∃d.(d ⊕ _) ⅋ ∀d.d')
