---
source: src/test.rs
expression: "main_net.show_net(&show_agent, &mut scope, 0)"
---
b
With(b)[
    a
    a
][
    a
    a
]
