---
source: src/test.rs
expression: net.show()
---
(* ((* *) (b *)))
