---
source: src/test.rs
expression: result
---
|- ((((a ⊗ b) ⅋ (b' ⊗ c)) ⅋ (a' ⅋ c')) ⅋ (((d ⊗ e) ⅋ (e' ⊗ f)) ⅋ (d' ⅋ f')))
