---
source: src/test.rs
expression: net.show()
---
((c ((a b) c)) (a b))
