---
source: src/test.rs
expression: "main_net.show_net(&show_agent, &mut scope, 0)"
---
Par(False(e)[
    One
] e)
