---
source: src/test.rs
expression: "main_net.show_net(&show_agent, &mut scope, 0)"
---
Par(Par(Times(f)(g) Times(g)(h)) Par(f h))
