---
source: src/test.rs
expression: result
---
|- 1
