---
source: src/test.rs
expression: "main_net.show_net(&show_agent, &mut scope, 0)"
---
Par(f h)
Exp0[
    Par(Par(Times(f)(g) Times(g)(h)) Par(f h))
] = Cntr(Dere(f))(Dere(h))
