---
source: src/test.rs
expression: net.show()
---
a
(a ((b b) (c c)))
