---
source: src/test.rs
expression: result
---
|- !(a ⊗ ((!b' ⅋ !b') ⅋ ?b))
